<html>
<body>
<pre>
<h1>µVision Build Log</h1>
<h2>Project:</h2>
D:\AIET_ARM_LPC2148_WORKSHOP\ASM PROGRAMS\ASM_EXAMPLES.uvproj
Project File Date:  12/16/2019

<h2>Output:</h2>
Rebuild target 'Target 1'
assembling descending_order.asm...
linking...
Program Size: Code=76 RO-data=0 RW-data=0 ZI-data=0  
".\ASM_EXAMPLES.axf" - 0 Error(s), 0 Warning(s).
ata=0 RW-data=0 ZI-data=0  
".\ASM_EXAMPLES.axf" - 0 Error(s), 1 Warning(s).
cpplib defined, not searching ARM libraries.
.\ASM_EXAMPLES.axf: Error: L6411E: No compatible library exists with a definition of startup symbol __main.
Not enough information to list image symbols.
Not enough information to list the image map.
Finished: 2 information, 1 warning and 1 error messages.
".\ASM_EXAMPLES.axf" - 1 Error(s), 2 Warning(s).
Target not created
.axf" - 4 Error(s), 2 Warning(s).
Target not created
m(9): error: A1163E: Unknown opcode R5, , expecting opcode or Macro
16_Bit-Multiplication.asm(10): error: A1163E: Unknown opcode R4, , expecting opcode or Macro
16_Bit-Multiplication.asm(11): error: A1163E: Unknown opcode R5, , expecting opcode or Macro
16_Bit-Multiplication.asm(13): error: A1137E: Unexpected characters at end of line
".\ASM_EXAMPLES.axf" - 10 Error(s), 1 Warning(s).
Target not created

